// Jest Snapshot v1, https://goo.gl/fbAQLP

exports[`Home component renders correctly 1`] = `
<View
  style={
    Object {
      "flex": 1,
      "flexDirection": "column",
      "justifyContent": "space-between",
      "paddingTop": 20,
    }
  }
>
  <Text
    style={
      Object {
        "alignSelf": "flex-start",
        "fontSize": 14,
        "fontWeight": "700",
        "padding": 10,
      }
    }
  >
     Note Title
  </Text>
  <TextInput
    allowFontScaling={true}
    rejectResponderTermination={true}
    style={
      Object {
        "alignSelf": "stretch",
        "backgroundColor": "#ebe9e9",
        "padding": 10,
      }
    }
    underlineColorAndroid="transparent"
  />
  <Text
    style={
      Object {
        "alignSelf": "flex-start",
        "fontSize": 14,
        "fontStyle": "italic",
        "fontWeight": "200",
        "padding": 10,
      }
    }
  >
     Please type your note below 
  </Text>
  <TextInput
    allowFontScaling={true}
    multiline={true}
    rejectResponderTermination={true}
    style={
      Object {
        "alignSelf": "stretch",
        "backgroundColor": "#ebe9e9",
        "flex": 1,
        "fontSize": 14,
        "fontWeight": "200",
        "minHeight": 100,
        "padding": 10,
        "textAlignVertical": "top",
      }
    }
    underlineColorAndroid="transparent"
  />
  <View
    onLayout={[Function]}
    style={
      Object {
        "alignItems": "center",
        "flexDirection": "row",
      }
    }
  >
    <View
      style={
        Object {
          "flex": 1,
          "flexDirection": "row",
          "justifyContent": "space-between",
        }
      }
    >
      <Text
        onPress={[Function]}
        style={
          Object {
            "fontWeight": "700",
            "padding": 10,
          }
        }
      >
        Save
      </Text>
      <Text
        style={
          Object {
            "fontSize": 12,
            "padding": 10,
          }
        }
      >
        0
         characters
      </Text>
    </View>
  </View>
  <View
    accessible={true}
    focusable={false}
    onClick={[Function]}
    onResponderGrant={[Function]}
    onResponderMove={[Function]}
    onResponderRelease={[Function]}
    onResponderTerminate={[Function]}
    onResponderTerminationRequest={[Function]}
    onStartShouldSetResponder={[Function]}
    style={
      Object {
        "alignItems": "center",
        "backgroundColor": "white",
        "opacity": 1,
        "padding": 15,
      }
    }
  >
    <Text
      style={
        Object {
          "fontWeight": "700",
        }
      }
    >
      About Us
    </Text>
  </View>
</View>
`;
