// Jest Snapshot v1, https://goo.gl/fbAQLP

exports[`Home component renders correctly 1`] = `
<View
  style={
    Object {
      "flex": 1,
      "flexDirection": "column",
      "justifyContent": "space-between",
      "paddingTop": 20,
    }
  }
>
  <Text
    style={
      Object {
        "alignSelf": "flex-start",
        "fontSize": 14,
        "fontWeight": "700",
        "padding": 10,
      }
    }
  >
    HOME note title
     
    HOME greeting
  </Text>
  <View
    accessible={true}
    focusable={false}
    onClick={[Function]}
    onResponderGrant={[Function]}
    onResponderMove={[Function]}
    onResponderRelease={[Function]}
    onResponderTerminate={[Function]}
    onResponderTerminationRequest={[Function]}
    onStartShouldSetResponder={[Function]}
    style={
      Object {
        "backgroundColor": "#ebe9e9",
        "borderColor": undefined,
        "borderRadius": 5,
        "borderWidth": 1,
        "elevation": 2,
        "opacity": 1,
        "padding": 10,
        "position": "absolute",
        "right": 10,
        "top": 15,
        "width": 40,
      }
    }
  >
    <Text
      style={
        Object {
          "alignSelf": "center",
          "fontSize": 14,
          "fontWeight": "700",
          "padding": 0,
        }
      }
    />
  </View>
  <TextInput
    allowFontScaling={true}
    rejectResponderTermination={true}
    style={
      Object {
        "alignSelf": "stretch",
        "backgroundColor": "#ebe9e9",
        "padding": 10,
      }
    }
    underlineColorAndroid="transparent"
  />
  <Text
    style={
      Object {
        "alignSelf": "flex-start",
        "fontSize": 14,
        "fontStyle": "italic",
        "fontWeight": "200",
        "padding": 10,
      }
    }
  >
    <Text
      allowFontScaling={false}
      style={
        Array [
          Object {
            "color": undefined,
            "fontSize": 18,
          },
          undefined,
          Object {
            "fontFamily": "Material Icons",
            "fontStyle": "normal",
            "fontWeight": "normal",
          },
          Object {},
        ]
      }
    >
      
    </Text>
    HOME please type your note
    <Text
      allowFontScaling={false}
      style={
        Array [
          Object {
            "color": undefined,
            "fontSize": 15,
          },
          undefined,
          Object {
            "fontFamily": "icomoon",
            "fontStyle": "normal",
            "fontWeight": "normal",
          },
          Object {},
        ]
      }
    >
      
    </Text>
  </Text>
  <TextInput
    allowFontScaling={true}
    multiline={true}
    rejectResponderTermination={true}
    style={
      Object {
        "alignSelf": "stretch",
        "backgroundColor": "#ebe9e9",
        "flex": 1,
        "fontSize": 14,
        "fontWeight": "200",
        "minHeight": 100,
        "padding": 10,
        "textAlignVertical": "top",
      }
    }
    underlineColorAndroid="transparent"
  />
  <View
    onLayout={[Function]}
    style={
      Object {
        "alignItems": "center",
        "flexDirection": "row",
      }
    }
  >
    <View
      style={
        Object {
          "flex": 1,
          "flexDirection": "row",
          "justifyContent": "space-between",
        }
      }
    >
      <Text
        onPress={[Function]}
        style={
          Object {
            "fontWeight": "700",
            "padding": 10,
          }
        }
      >
        HOME save
      </Text>
      <Text
        style={
          Object {
            "fontSize": 12,
            "padding": 10,
          }
        }
      >
        0
         
        HOME characters
      </Text>
    </View>
  </View>
  <View
    accessible={true}
    focusable={false}
    onClick={[Function]}
    onResponderGrant={[Function]}
    onResponderMove={[Function]}
    onResponderRelease={[Function]}
    onResponderTerminate={[Function]}
    onResponderTerminationRequest={[Function]}
    onStartShouldSetResponder={[Function]}
    style={
      Object {
        "alignItems": "center",
        "backgroundColor": "white",
        "opacity": 1,
        "padding": 15,
      }
    }
  >
    <Text
      style={
        Object {
          "fontWeight": "700",
        }
      }
    >
      HOME about us
    </Text>
  </View>
</View>
`;
